[0.665s] Invoking command in '/home/qcy/ros2_project_ws/build/rm_75_calibration': PYTHONPATH=/home/qcy/ros2_project_ws/build/rm_75_calibration/prefix_override:/usr/lib/python3/dist-packages/colcon_core/task/python/colcon_distutils_commands:/home/qcy/ros2_project_ws/install/rm_75_calibration/lib/python3.12/site-packages:${PYTHONPATH} /usr/bin/python3 -W ignore:setup.py install is deprecated -W ignore:easy_install command is deprecated setup.py develop --editable --build-directory /home/qcy/ros2_project_ws/build/rm_75_calibration/build --no-deps symlink_data
[0.825s] running develop
[0.906s] running egg_info
[0.906s] creating rm_75_calibration.egg-info
[0.916s] writing rm_75_calibration.egg-info/PKG-INFO
[0.917s] writing dependency_links to rm_75_calibration.egg-info/dependency_links.txt
[0.917s] writing entry points to rm_75_calibration.egg-info/entry_points.txt
[0.917s] writing requirements to rm_75_calibration.egg-info/requires.txt
[0.917s] writing top-level names to rm_75_calibration.egg-info/top_level.txt
[0.917s] writing manifest file 'rm_75_calibration.egg-info/SOURCES.txt'
[0.933s] reading manifest file 'rm_75_calibration.egg-info/SOURCES.txt'
[0.933s] writing manifest file 'rm_75_calibration.egg-info/SOURCES.txt'
[0.942s] running build_ext
[0.942s] Creating /home/qcy/ros2_project_ws/install/rm_75_calibration/lib/python3.12/site-packages/rm-75-calibration.egg-link (link to .)
[0.942s] Installing force_control_xz_node script to /home/qcy/ros2_project_ws/install/rm_75_calibration/lib/rm_75_calibration
[0.943s] Installing force_control_z_node script to /home/qcy/ros2_project_ws/install/rm_75_calibration/lib/rm_75_calibration
[0.943s] Installing force_sensor_node script to /home/qcy/ros2_project_ws/install/rm_75_calibration/lib/rm_75_calibration
[0.943s] Installing rm_cali_v1 script to /home/qcy/ros2_project_ws/install/rm_75_calibration/lib/rm_75_calibration
[0.943s] 
[0.944s] Installed /home/qcy/ros2_project_ws/build/rm_75_calibration
[0.944s] running symlink_data
[0.944s] creating /home/qcy/ros2_project_ws/install/rm_75_calibration/share/ament_index
[0.944s] creating /home/qcy/ros2_project_ws/install/rm_75_calibration/share/ament_index/resource_index
[0.944s] creating /home/qcy/ros2_project_ws/install/rm_75_calibration/share/ament_index/resource_index/packages
[0.944s] symbolically linking /home/qcy/ros2_project_ws/build/rm_75_calibration/resource/rm_75_calibration -> /home/qcy/ros2_project_ws/install/rm_75_calibration/share/ament_index/resource_index/packages
[0.944s] symbolically linking /home/qcy/ros2_project_ws/build/rm_75_calibration/package.xml -> /home/qcy/ros2_project_ws/install/rm_75_calibration/share/rm_75_calibration
[0.963s] Invoked command in '/home/qcy/ros2_project_ws/build/rm_75_calibration' returned '0': PYTHONPATH=/home/qcy/ros2_project_ws/build/rm_75_calibration/prefix_override:/usr/lib/python3/dist-packages/colcon_core/task/python/colcon_distutils_commands:/home/qcy/ros2_project_ws/install/rm_75_calibration/lib/python3.12/site-packages:${PYTHONPATH} /usr/bin/python3 -W ignore:setup.py install is deprecated -W ignore:easy_install command is deprecated setup.py develop --editable --build-directory /home/qcy/ros2_project_ws/build/rm_75_calibration/build --no-deps symlink_data
