running egg_info
writing ../../build/rm_75_calibration/rm_75_calibration.egg-info/PKG-INFO
writing dependency_links to ../../build/rm_75_calibration/rm_75_calibration.egg-info/dependency_links.txt
writing entry points to ../../build/rm_75_calibration/rm_75_calibration.egg-info/entry_points.txt
writing requirements to ../../build/rm_75_calibration/rm_75_calibration.egg-info/requires.txt
writing top-level names to ../../build/rm_75_calibration/rm_75_calibration.egg-info/top_level.txt
reading manifest file '../../build/rm_75_calibration/rm_75_calibration.egg-info/SOURCES.txt'
writing manifest file '../../build/rm_75_calibration/rm_75_calibration.egg-info/SOURCES.txt'
running build
running build_py
running install
running install_lib
running install_data
copying launch/calibration.launch.py -> /home/qcy/ros2_project_ws/install/rm_75_calibration/share/rm_75_calibration/launch
running install_egg_info
removing '/home/qcy/ros2_project_ws/install/rm_75_calibration/lib/python3.12/site-packages/rm_75_calibration-0.0.0-py3.12.egg-info' (and everything under it)
Copying ../../build/rm_75_calibration/rm_75_calibration.egg-info to /home/qcy/ros2_project_ws/install/rm_75_calibration/lib/python3.12/site-packages/rm_75_calibration-0.0.0-py3.12.egg-info
running install_scripts
Installing force_control_node script to /home/qcy/ros2_project_ws/install/rm_75_calibration/lib/rm_75_calibration
Installing force_control_xz_node script to /home/qcy/ros2_project_ws/install/rm_75_calibration/lib/rm_75_calibration
Installing force_control_z_node script to /home/qcy/ros2_project_ws/install/rm_75_calibration/lib/rm_75_calibration
Installing force_sensor_node script to /home/qcy/ros2_project_ws/install/rm_75_calibration/lib/rm_75_calibration
Installing rm_cali_v1 script to /home/qcy/ros2_project_ws/install/rm_75_calibration/lib/rm_75_calibration
writing list of installed files to '/home/qcy/ros2_project_ws/build/rm_75_calibration/install.log'
