running develop
running egg_info
writing rm_75_calibration.egg-info/PKG-INFO
writing dependency_links to rm_75_calibration.egg-info/dependency_links.txt
writing entry points to rm_75_calibration.egg-info/entry_points.txt
writing requirements to rm_75_calibration.egg-info/requires.txt
writing top-level names to rm_75_calibration.egg-info/top_level.txt
reading manifest file 'rm_75_calibration.egg-info/SOURCES.txt'
writing manifest file 'rm_75_calibration.egg-info/SOURCES.txt'
running build_ext
Creating /home/qcy/ros2_project_ws/install/rm_75_calibration/lib/python3.12/site-packages/rm-75-calibration.egg-link (link to .)
Installing force_control_node script to /home/qcy/ros2_project_ws/install/rm_75_calibration/lib/rm_75_calibration
Installing force_control_xz_node script to /home/qcy/ros2_project_ws/install/rm_75_calibration/lib/rm_75_calibration
Installing force_control_z_node script to /home/qcy/ros2_project_ws/install/rm_75_calibration/lib/rm_75_calibration
Installing force_sensor_node script to /home/qcy/ros2_project_ws/install/rm_75_calibration/lib/rm_75_calibration
Installing rm_cali_v1 script to /home/qcy/ros2_project_ws/install/rm_75_calibration/lib/rm_75_calibration

Installed /home/qcy/ros2_project_ws/build/rm_75_calibration
running symlink_data
symbolically linking /home/qcy/ros2_project_ws/build/rm_75_calibration/resource/rm_75_calibration -> /home/qcy/ros2_project_ws/install/rm_75_calibration/share/ament_index/resource_index/packages
symbolically linking /home/qcy/ros2_project_ws/build/rm_75_calibration/package.xml -> /home/qcy/ros2_project_ws/install/rm_75_calibration/share/rm_75_calibration
symbolically linking /home/qcy/ros2_project_ws/build/rm_75_calibration/launch/calibration.launch.py -> /home/qcy/ros2_project_ws/install/rm_75_calibration/share/rm_75_calibration/launch
creating /home/qcy/ros2_project_ws/install/rm_75_calibration/share/rm_75_calibration/config
