running develop
Removing /home/qcy/ros2_project_ws/install/rm_75_calibration/lib/python3.12/site-packages/rm-75-calibration.egg-link (link to .)
running egg_info
writing ../../build/rm_75_calibration/rm_75_calibration.egg-info/PKG-INFO
writing dependency_links to ../../build/rm_75_calibration/rm_75_calibration.egg-info/dependency_links.txt
writing entry points to ../../build/rm_75_calibration/rm_75_calibration.egg-info/entry_points.txt
writing requirements to ../../build/rm_75_calibration/rm_75_calibration.egg-info/requires.txt
writing top-level names to ../../build/rm_75_calibration/rm_75_calibration.egg-info/top_level.txt
reading manifest file '../../build/rm_75_calibration/rm_75_calibration.egg-info/SOURCES.txt'
writing manifest file '../../build/rm_75_calibration/rm_75_calibration.egg-info/SOURCES.txt'
running build
running build_py
creating /home/qcy/ros2_project_ws/build/rm_75_calibration/build
creating /home/qcy/ros2_project_ws/build/rm_75_calibration/build/lib
creating /home/qcy/ros2_project_ws/build/rm_75_calibration/build/lib/rm_75_calibration_original
copying rm_75_calibration_original/data.py -> /home/qcy/ros2_project_ws/build/rm_75_calibration/build/lib/rm_75_calibration_original
copying rm_75_calibration_original/force_sensor_node.py -> /home/qcy/ros2_project_ws/build/rm_75_calibration/build/lib/rm_75_calibration_original
copying rm_75_calibration_original/kunwei.py -> /home/qcy/ros2_project_ws/build/rm_75_calibration/build/lib/rm_75_calibration_original
copying rm_75_calibration_original/__init__.py -> /home/qcy/ros2_project_ws/build/rm_75_calibration/build/lib/rm_75_calibration_original
copying rm_75_calibration_original/rm_cali_v1.py -> /home/qcy/ros2_project_ws/build/rm_75_calibration/build/lib/rm_75_calibration_original
copying rm_75_calibration_original/force_control_z_node.py -> /home/qcy/ros2_project_ws/build/rm_75_calibration/build/lib/rm_75_calibration_original
copying rm_75_calibration_original/force_control_xz_node.py -> /home/qcy/ros2_project_ws/build/rm_75_calibration/build/lib/rm_75_calibration_original
creating /home/qcy/ros2_project_ws/build/rm_75_calibration/build/lib/rm_75_calibration
copying rm_75_calibration/data.py -> /home/qcy/ros2_project_ws/build/rm_75_calibration/build/lib/rm_75_calibration
copying rm_75_calibration/force_control_node.py -> /home/qcy/ros2_project_ws/build/rm_75_calibration/build/lib/rm_75_calibration
copying rm_75_calibration/force_sensor_node.py -> /home/qcy/ros2_project_ws/build/rm_75_calibration/build/lib/rm_75_calibration
copying rm_75_calibration/__init__.py -> /home/qcy/ros2_project_ws/build/rm_75_calibration/build/lib/rm_75_calibration
copying rm_75_calibration/rm_cali_v1.py -> /home/qcy/ros2_project_ws/build/rm_75_calibration/build/lib/rm_75_calibration
copying rm_75_calibration/force_control_z_node.py -> /home/qcy/ros2_project_ws/build/rm_75_calibration/build/lib/rm_75_calibration
copying rm_75_calibration/force_control_xz_node.py -> /home/qcy/ros2_project_ws/build/rm_75_calibration/build/lib/rm_75_calibration
running install
running install_lib
creating /home/qcy/ros2_project_ws/install/rm_75_calibration/lib/python3.12/site-packages/rm_75_calibration_original
copying /home/qcy/ros2_project_ws/build/rm_75_calibration/build/lib/rm_75_calibration_original/data.py -> /home/qcy/ros2_project_ws/install/rm_75_calibration/lib/python3.12/site-packages/rm_75_calibration_original
copying /home/qcy/ros2_project_ws/build/rm_75_calibration/build/lib/rm_75_calibration_original/force_sensor_node.py -> /home/qcy/ros2_project_ws/install/rm_75_calibration/lib/python3.12/site-packages/rm_75_calibration_original
copying /home/qcy/ros2_project_ws/build/rm_75_calibration/build/lib/rm_75_calibration_original/kunwei.py -> /home/qcy/ros2_project_ws/install/rm_75_calibration/lib/python3.12/site-packages/rm_75_calibration_original
copying /home/qcy/ros2_project_ws/build/rm_75_calibration/build/lib/rm_75_calibration_original/__init__.py -> /home/qcy/ros2_project_ws/install/rm_75_calibration/lib/python3.12/site-packages/rm_75_calibration_original
copying /home/qcy/ros2_project_ws/build/rm_75_calibration/build/lib/rm_75_calibration_original/rm_cali_v1.py -> /home/qcy/ros2_project_ws/install/rm_75_calibration/lib/python3.12/site-packages/rm_75_calibration_original
copying /home/qcy/ros2_project_ws/build/rm_75_calibration/build/lib/rm_75_calibration_original/force_control_z_node.py -> /home/qcy/ros2_project_ws/install/rm_75_calibration/lib/python3.12/site-packages/rm_75_calibration_original
copying /home/qcy/ros2_project_ws/build/rm_75_calibration/build/lib/rm_75_calibration_original/force_control_xz_node.py -> /home/qcy/ros2_project_ws/install/rm_75_calibration/lib/python3.12/site-packages/rm_75_calibration_original
creating /home/qcy/ros2_project_ws/install/rm_75_calibration/lib/python3.12/site-packages/rm_75_calibration
copying /home/qcy/ros2_project_ws/build/rm_75_calibration/build/lib/rm_75_calibration/data.py -> /home/qcy/ros2_project_ws/install/rm_75_calibration/lib/python3.12/site-packages/rm_75_calibration
copying /home/qcy/ros2_project_ws/build/rm_75_calibration/build/lib/rm_75_calibration/force_control_node.py -> /home/qcy/ros2_project_ws/install/rm_75_calibration/lib/python3.12/site-packages/rm_75_calibration
copying /home/qcy/ros2_project_ws/build/rm_75_calibration/build/lib/rm_75_calibration/force_sensor_node.py -> /home/qcy/ros2_project_ws/install/rm_75_calibration/lib/python3.12/site-packages/rm_75_calibration
copying /home/qcy/ros2_project_ws/build/rm_75_calibration/build/lib/rm_75_calibration/__init__.py -> /home/qcy/ros2_project_ws/install/rm_75_calibration/lib/python3.12/site-packages/rm_75_calibration
copying /home/qcy/ros2_project_ws/build/rm_75_calibration/build/lib/rm_75_calibration/rm_cali_v1.py -> /home/qcy/ros2_project_ws/install/rm_75_calibration/lib/python3.12/site-packages/rm_75_calibration
copying /home/qcy/ros2_project_ws/build/rm_75_calibration/build/lib/rm_75_calibration/force_control_z_node.py -> /home/qcy/ros2_project_ws/install/rm_75_calibration/lib/python3.12/site-packages/rm_75_calibration
copying /home/qcy/ros2_project_ws/build/rm_75_calibration/build/lib/rm_75_calibration/force_control_xz_node.py -> /home/qcy/ros2_project_ws/install/rm_75_calibration/lib/python3.12/site-packages/rm_75_calibration
byte-compiling /home/qcy/ros2_project_ws/install/rm_75_calibration/lib/python3.12/site-packages/rm_75_calibration_original/data.py to data.cpython-312.pyc
byte-compiling /home/qcy/ros2_project_ws/install/rm_75_calibration/lib/python3.12/site-packages/rm_75_calibration_original/force_sensor_node.py to force_sensor_node.cpython-312.pyc
byte-compiling /home/qcy/ros2_project_ws/install/rm_75_calibration/lib/python3.12/site-packages/rm_75_calibration_original/kunwei.py to kunwei.cpython-312.pyc
byte-compiling /home/qcy/ros2_project_ws/install/rm_75_calibration/lib/python3.12/site-packages/rm_75_calibration_original/__init__.py to __init__.cpython-312.pyc
byte-compiling /home/qcy/ros2_project_ws/install/rm_75_calibration/lib/python3.12/site-packages/rm_75_calibration_original/rm_cali_v1.py to rm_cali_v1.cpython-312.pyc
byte-compiling /home/qcy/ros2_project_ws/install/rm_75_calibration/lib/python3.12/site-packages/rm_75_calibration_original/force_control_z_node.py to force_control_z_node.cpython-312.pyc
byte-compiling /home/qcy/ros2_project_ws/install/rm_75_calibration/lib/python3.12/site-packages/rm_75_calibration_original/force_control_xz_node.py to force_control_xz_node.cpython-312.pyc
byte-compiling /home/qcy/ros2_project_ws/install/rm_75_calibration/lib/python3.12/site-packages/rm_75_calibration/data.py to data.cpython-312.pyc
byte-compiling /home/qcy/ros2_project_ws/install/rm_75_calibration/lib/python3.12/site-packages/rm_75_calibration/force_control_node.py to force_control_node.cpython-312.pyc
byte-compiling /home/qcy/ros2_project_ws/install/rm_75_calibration/lib/python3.12/site-packages/rm_75_calibration/force_sensor_node.py to force_sensor_node.cpython-312.pyc
byte-compiling /home/qcy/ros2_project_ws/install/rm_75_calibration/lib/python3.12/site-packages/rm_75_calibration/__init__.py to __init__.cpython-312.pyc
byte-compiling /home/qcy/ros2_project_ws/install/rm_75_calibration/lib/python3.12/site-packages/rm_75_calibration/rm_cali_v1.py to rm_cali_v1.cpython-312.pyc
byte-compiling /home/qcy/ros2_project_ws/install/rm_75_calibration/lib/python3.12/site-packages/rm_75_calibration/force_control_z_node.py to force_control_z_node.cpython-312.pyc
byte-compiling /home/qcy/ros2_project_ws/install/rm_75_calibration/lib/python3.12/site-packages/rm_75_calibration/force_control_xz_node.py to force_control_xz_node.cpython-312.pyc
running install_data
copying resource/rm_75_calibration -> /home/qcy/ros2_project_ws/install/rm_75_calibration/share/ament_index/resource_index/packages
copying package.xml -> /home/qcy/ros2_project_ws/install/rm_75_calibration/share/rm_75_calibration
creating /home/qcy/ros2_project_ws/install/rm_75_calibration/share/rm_75_calibration/launch
copying launch/calibration.launch.py -> /home/qcy/ros2_project_ws/install/rm_75_calibration/share/rm_75_calibration/launch
running install_egg_info
Copying ../../build/rm_75_calibration/rm_75_calibration.egg-info to /home/qcy/ros2_project_ws/install/rm_75_calibration/lib/python3.12/site-packages/rm_75_calibration-0.0.0-py3.12.egg-info
running install_scripts
Installing force_control_node script to /home/qcy/ros2_project_ws/install/rm_75_calibration/lib/rm_75_calibration
Installing force_control_xz_node script to /home/qcy/ros2_project_ws/install/rm_75_calibration/lib/rm_75_calibration
Installing force_control_z_node script to /home/qcy/ros2_project_ws/install/rm_75_calibration/lib/rm_75_calibration
Installing force_sensor_node script to /home/qcy/ros2_project_ws/install/rm_75_calibration/lib/rm_75_calibration
Installing rm_cali_v1 script to /home/qcy/ros2_project_ws/install/rm_75_calibration/lib/rm_75_calibration
writing list of installed files to '/home/qcy/ros2_project_ws/build/rm_75_calibration/install.log'
