[0.654s] Invoking command in '/home/qcy/ros2_project_ws/build/rm_75_calibration': CONDA_PROMPT_MODIFIER=(base) PYTHONPATH=/home/qcy/ros2_project_ws/build/rm_75_calibration/prefix_override:/usr/lib/python3/dist-packages/colcon_core/task/python/colcon_distutils_commands:/home/qcy/ros2_project_ws/install/rm_75_calibration/lib/python3.12/site-packages:${PYTHONPATH} /usr/bin/python3 -W ignore:setup.py install is deprecated -W ignore:easy_install command is deprecated setup.py develop --uninstall --editable --build-directory /home/qcy/ros2_project_ws/build/rm_75_calibration/build
[0.799s] running develop
[0.882s] Removing /home/qcy/ros2_project_ws/install/rm_75_calibration/lib/python3.12/site-packages/rm-75-calibration.egg-link (link to .)
[0.902s] Invoked command in '/home/qcy/ros2_project_ws/build/rm_75_calibration' returned '0': CONDA_PROMPT_MODIFIER=(base) PYTHONPATH=/home/qcy/ros2_project_ws/build/rm_75_calibration/prefix_override:/usr/lib/python3/dist-packages/colcon_core/task/python/colcon_distutils_commands:/home/qcy/ros2_project_ws/install/rm_75_calibration/lib/python3.12/site-packages:${PYTHONPATH} /usr/bin/python3 -W ignore:setup.py install is deprecated -W ignore:easy_install command is deprecated setup.py develop --uninstall --editable --build-directory /home/qcy/ros2_project_ws/build/rm_75_calibration/build
[0.904s] Invoking command in '/home/qcy/ros2_project_ws/src/rm_75_calibration': CONDA_PROMPT_MODIFIER=(base) PYTHONPATH=/home/qcy/ros2_project_ws/build/rm_75_calibration/prefix_override:/usr/lib/python3/dist-packages/colcon_core/task/python/colcon_distutils_commands:/home/qcy/ros2_project_ws/install/rm_75_calibration/lib/python3.12/site-packages:${PYTHONPATH} /usr/bin/python3 -W ignore:setup.py install is deprecated -W ignore:easy_install command is deprecated setup.py egg_info --egg-base ../../build/rm_75_calibration build --build-base /home/qcy/ros2_project_ws/build/rm_75_calibration/build install --record /home/qcy/ros2_project_ws/build/rm_75_calibration/install.log --single-version-externally-managed install_data --force
[1.027s] running egg_info
[1.037s] writing ../../build/rm_75_calibration/rm_75_calibration.egg-info/PKG-INFO
[1.037s] writing dependency_links to ../../build/rm_75_calibration/rm_75_calibration.egg-info/dependency_links.txt
[1.037s] writing entry points to ../../build/rm_75_calibration/rm_75_calibration.egg-info/entry_points.txt
[1.037s] writing requirements to ../../build/rm_75_calibration/rm_75_calibration.egg-info/requires.txt
[1.038s] writing top-level names to ../../build/rm_75_calibration/rm_75_calibration.egg-info/top_level.txt
[1.056s] reading manifest file '../../build/rm_75_calibration/rm_75_calibration.egg-info/SOURCES.txt'
[1.057s] writing manifest file '../../build/rm_75_calibration/rm_75_calibration.egg-info/SOURCES.txt'
[1.057s] running build
[1.057s] running build_py
[1.057s] creating /home/qcy/ros2_project_ws/build/rm_75_calibration/build
[1.058s] creating /home/qcy/ros2_project_ws/build/rm_75_calibration/build/lib
[1.058s] creating /home/qcy/ros2_project_ws/build/rm_75_calibration/build/lib/rm_75_calibration_original
[1.058s] copying rm_75_calibration_original/data.py -> /home/qcy/ros2_project_ws/build/rm_75_calibration/build/lib/rm_75_calibration_original
[1.058s] copying rm_75_calibration_original/force_sensor_node.py -> /home/qcy/ros2_project_ws/build/rm_75_calibration/build/lib/rm_75_calibration_original
[1.058s] copying rm_75_calibration_original/kunwei.py -> /home/qcy/ros2_project_ws/build/rm_75_calibration/build/lib/rm_75_calibration_original
[1.058s] copying rm_75_calibration_original/__init__.py -> /home/qcy/ros2_project_ws/build/rm_75_calibration/build/lib/rm_75_calibration_original
[1.058s] copying rm_75_calibration_original/rm_cali_v1.py -> /home/qcy/ros2_project_ws/build/rm_75_calibration/build/lib/rm_75_calibration_original
[1.058s] copying rm_75_calibration_original/force_control_z_node.py -> /home/qcy/ros2_project_ws/build/rm_75_calibration/build/lib/rm_75_calibration_original
[1.058s] copying rm_75_calibration_original/force_control_xz_node.py -> /home/qcy/ros2_project_ws/build/rm_75_calibration/build/lib/rm_75_calibration_original
[1.059s] creating /home/qcy/ros2_project_ws/build/rm_75_calibration/build/lib/rm_75_calibration
[1.059s] copying rm_75_calibration/data.py -> /home/qcy/ros2_project_ws/build/rm_75_calibration/build/lib/rm_75_calibration
[1.059s] copying rm_75_calibration/force_control_node.py -> /home/qcy/ros2_project_ws/build/rm_75_calibration/build/lib/rm_75_calibration
[1.059s] copying rm_75_calibration/force_sensor_node.py -> /home/qcy/ros2_project_ws/build/rm_75_calibration/build/lib/rm_75_calibration
[1.059s] copying rm_75_calibration/__init__.py -> /home/qcy/ros2_project_ws/build/rm_75_calibration/build/lib/rm_75_calibration
[1.059s] copying rm_75_calibration/rm_cali_v1.py -> /home/qcy/ros2_project_ws/build/rm_75_calibration/build/lib/rm_75_calibration
[1.059s] copying rm_75_calibration/force_control_z_node.py -> /home/qcy/ros2_project_ws/build/rm_75_calibration/build/lib/rm_75_calibration
[1.059s] copying rm_75_calibration/force_control_xz_node.py -> /home/qcy/ros2_project_ws/build/rm_75_calibration/build/lib/rm_75_calibration
[1.059s] running install
[1.061s] running install_lib
[1.070s] creating /home/qcy/ros2_project_ws/install/rm_75_calibration/lib/python3.12/site-packages/rm_75_calibration_original
[1.070s] copying /home/qcy/ros2_project_ws/build/rm_75_calibration/build/lib/rm_75_calibration_original/data.py -> /home/qcy/ros2_project_ws/install/rm_75_calibration/lib/python3.12/site-packages/rm_75_calibration_original
[1.070s] copying /home/qcy/ros2_project_ws/build/rm_75_calibration/build/lib/rm_75_calibration_original/force_sensor_node.py -> /home/qcy/ros2_project_ws/install/rm_75_calibration/lib/python3.12/site-packages/rm_75_calibration_original
[1.070s] copying /home/qcy/ros2_project_ws/build/rm_75_calibration/build/lib/rm_75_calibration_original/kunwei.py -> /home/qcy/ros2_project_ws/install/rm_75_calibration/lib/python3.12/site-packages/rm_75_calibration_original
[1.070s] copying /home/qcy/ros2_project_ws/build/rm_75_calibration/build/lib/rm_75_calibration_original/__init__.py -> /home/qcy/ros2_project_ws/install/rm_75_calibration/lib/python3.12/site-packages/rm_75_calibration_original
[1.071s] copying /home/qcy/ros2_project_ws/build/rm_75_calibration/build/lib/rm_75_calibration_original/rm_cali_v1.py -> /home/qcy/ros2_project_ws/install/rm_75_calibration/lib/python3.12/site-packages/rm_75_calibration_original
[1.071s] copying /home/qcy/ros2_project_ws/build/rm_75_calibration/build/lib/rm_75_calibration_original/force_control_z_node.py -> /home/qcy/ros2_project_ws/install/rm_75_calibration/lib/python3.12/site-packages/rm_75_calibration_original
[1.071s] copying /home/qcy/ros2_project_ws/build/rm_75_calibration/build/lib/rm_75_calibration_original/force_control_xz_node.py -> /home/qcy/ros2_project_ws/install/rm_75_calibration/lib/python3.12/site-packages/rm_75_calibration_original
[1.071s] creating /home/qcy/ros2_project_ws/install/rm_75_calibration/lib/python3.12/site-packages/rm_75_calibration
[1.071s] copying /home/qcy/ros2_project_ws/build/rm_75_calibration/build/lib/rm_75_calibration/data.py -> /home/qcy/ros2_project_ws/install/rm_75_calibration/lib/python3.12/site-packages/rm_75_calibration
[1.071s] copying /home/qcy/ros2_project_ws/build/rm_75_calibration/build/lib/rm_75_calibration/force_control_node.py -> /home/qcy/ros2_project_ws/install/rm_75_calibration/lib/python3.12/site-packages/rm_75_calibration
[1.071s] copying /home/qcy/ros2_project_ws/build/rm_75_calibration/build/lib/rm_75_calibration/force_sensor_node.py -> /home/qcy/ros2_project_ws/install/rm_75_calibration/lib/python3.12/site-packages/rm_75_calibration
[1.071s] copying /home/qcy/ros2_project_ws/build/rm_75_calibration/build/lib/rm_75_calibration/__init__.py -> /home/qcy/ros2_project_ws/install/rm_75_calibration/lib/python3.12/site-packages/rm_75_calibration
[1.071s] copying /home/qcy/ros2_project_ws/build/rm_75_calibration/build/lib/rm_75_calibration/rm_cali_v1.py -> /home/qcy/ros2_project_ws/install/rm_75_calibration/lib/python3.12/site-packages/rm_75_calibration
[1.071s] copying /home/qcy/ros2_project_ws/build/rm_75_calibration/build/lib/rm_75_calibration/force_control_z_node.py -> /home/qcy/ros2_project_ws/install/rm_75_calibration/lib/python3.12/site-packages/rm_75_calibration
[1.071s] copying /home/qcy/ros2_project_ws/build/rm_75_calibration/build/lib/rm_75_calibration/force_control_xz_node.py -> /home/qcy/ros2_project_ws/install/rm_75_calibration/lib/python3.12/site-packages/rm_75_calibration
[1.071s] byte-compiling /home/qcy/ros2_project_ws/install/rm_75_calibration/lib/python3.12/site-packages/rm_75_calibration_original/data.py to data.cpython-312.pyc
[1.073s] byte-compiling /home/qcy/ros2_project_ws/install/rm_75_calibration/lib/python3.12/site-packages/rm_75_calibration_original/force_sensor_node.py to force_sensor_node.cpython-312.pyc
[1.073s] byte-compiling /home/qcy/ros2_project_ws/install/rm_75_calibration/lib/python3.12/site-packages/rm_75_calibration_original/kunwei.py to kunwei.cpython-312.pyc
[1.074s] byte-compiling /home/qcy/ros2_project_ws/install/rm_75_calibration/lib/python3.12/site-packages/rm_75_calibration_original/__init__.py to __init__.cpython-312.pyc
[1.074s] byte-compiling /home/qcy/ros2_project_ws/install/rm_75_calibration/lib/python3.12/site-packages/rm_75_calibration_original/rm_cali_v1.py to rm_cali_v1.cpython-312.pyc
[1.075s] byte-compiling /home/qcy/ros2_project_ws/install/rm_75_calibration/lib/python3.12/site-packages/rm_75_calibration_original/force_control_z_node.py to force_control_z_node.cpython-312.pyc
[1.076s] byte-compiling /home/qcy/ros2_project_ws/install/rm_75_calibration/lib/python3.12/site-packages/rm_75_calibration_original/force_control_xz_node.py to force_control_xz_node.cpython-312.pyc
[1.078s] byte-compiling /home/qcy/ros2_project_ws/install/rm_75_calibration/lib/python3.12/site-packages/rm_75_calibration/data.py to data.cpython-312.pyc
[1.079s] byte-compiling /home/qcy/ros2_project_ws/install/rm_75_calibration/lib/python3.12/site-packages/rm_75_calibration/force_control_node.py to force_control_node.cpython-312.pyc
[1.080s] byte-compiling /home/qcy/ros2_project_ws/install/rm_75_calibration/lib/python3.12/site-packages/rm_75_calibration/force_sensor_node.py to force_sensor_node.cpython-312.pyc
[1.081s] byte-compiling /home/qcy/ros2_project_ws/install/rm_75_calibration/lib/python3.12/site-packages/rm_75_calibration/__init__.py to __init__.cpython-312.pyc
[1.081s] byte-compiling /home/qcy/ros2_project_ws/install/rm_75_calibration/lib/python3.12/site-packages/rm_75_calibration/rm_cali_v1.py to rm_cali_v1.cpython-312.pyc
[1.082s] byte-compiling /home/qcy/ros2_project_ws/install/rm_75_calibration/lib/python3.12/site-packages/rm_75_calibration/force_control_z_node.py to force_control_z_node.cpython-312.pyc
[1.083s] byte-compiling /home/qcy/ros2_project_ws/install/rm_75_calibration/lib/python3.12/site-packages/rm_75_calibration/force_control_xz_node.py to force_control_xz_node.cpython-312.pyc
[1.085s] running install_data
[1.085s] copying resource/rm_75_calibration -> /home/qcy/ros2_project_ws/install/rm_75_calibration/share/ament_index/resource_index/packages
[1.085s] copying package.xml -> /home/qcy/ros2_project_ws/install/rm_75_calibration/share/rm_75_calibration
[1.085s] creating /home/qcy/ros2_project_ws/install/rm_75_calibration/share/rm_75_calibration/launch
[1.085s] copying launch/calibration.launch.py -> /home/qcy/ros2_project_ws/install/rm_75_calibration/share/rm_75_calibration/launch
[1.086s] running install_egg_info
[1.096s] Copying ../../build/rm_75_calibration/rm_75_calibration.egg-info to /home/qcy/ros2_project_ws/install/rm_75_calibration/lib/python3.12/site-packages/rm_75_calibration-0.0.0-py3.12.egg-info
[1.096s] running install_scripts
[1.157s] Installing force_control_node script to /home/qcy/ros2_project_ws/install/rm_75_calibration/lib/rm_75_calibration
[1.157s] Installing force_control_xz_node script to /home/qcy/ros2_project_ws/install/rm_75_calibration/lib/rm_75_calibration
[1.157s] Installing force_control_z_node script to /home/qcy/ros2_project_ws/install/rm_75_calibration/lib/rm_75_calibration
[1.158s] Installing force_sensor_node script to /home/qcy/ros2_project_ws/install/rm_75_calibration/lib/rm_75_calibration
[1.158s] Installing rm_cali_v1 script to /home/qcy/ros2_project_ws/install/rm_75_calibration/lib/rm_75_calibration
[1.158s] writing list of installed files to '/home/qcy/ros2_project_ws/build/rm_75_calibration/install.log'
[1.174s] Invoked command in '/home/qcy/ros2_project_ws/src/rm_75_calibration' returned '0': CONDA_PROMPT_MODIFIER=(base) PYTHONPATH=/home/qcy/ros2_project_ws/build/rm_75_calibration/prefix_override:/usr/lib/python3/dist-packages/colcon_core/task/python/colcon_distutils_commands:/home/qcy/ros2_project_ws/install/rm_75_calibration/lib/python3.12/site-packages:${PYTHONPATH} /usr/bin/python3 -W ignore:setup.py install is deprecated -W ignore:easy_install command is deprecated setup.py egg_info --egg-base ../../build/rm_75_calibration build --build-base /home/qcy/ros2_project_ws/build/rm_75_calibration/build install --record /home/qcy/ros2_project_ws/build/rm_75_calibration/install.log --single-version-externally-managed install_data --force
