[0.721s] Invoking command in '/home/qcy/ros2_project_ws/build/rm_75_calibration': CONDA_PROMPT_MODIFIER=(base) PYTHONPATH=/home/qcy/ros2_project_ws/build/rm_75_calibration/prefix_override:/usr/lib/python3/dist-packages/colcon_core/task/python/colcon_distutils_commands:/home/qcy/ros2_project_ws/install/rm_75_calibration/lib/python3.12/site-packages:${PYTHONPATH} /usr/bin/python3 -W ignore:setup.py install is deprecated -W ignore:easy_install command is deprecated setup.py develop --editable --build-directory /home/qcy/ros2_project_ws/build/rm_75_calibration/build --no-deps symlink_data
[0.898s] running develop
[0.998s] running egg_info
[1.008s] writing rm_75_calibration.egg-info/PKG-INFO
[1.009s] writing dependency_links to rm_75_calibration.egg-info/dependency_links.txt
[1.009s] writing entry points to rm_75_calibration.egg-info/entry_points.txt
[1.009s] writing requirements to rm_75_calibration.egg-info/requires.txt
[1.009s] writing top-level names to rm_75_calibration.egg-info/top_level.txt
[1.027s] reading manifest file 'rm_75_calibration.egg-info/SOURCES.txt'
[1.028s] writing manifest file 'rm_75_calibration.egg-info/SOURCES.txt'
[1.038s] running build_ext
[1.039s] Creating /home/qcy/ros2_project_ws/install/rm_75_calibration/lib/python3.12/site-packages/rm-75-calibration.egg-link (link to .)
[1.040s] Installing force_control_node script to /home/qcy/ros2_project_ws/install/rm_75_calibration/lib/rm_75_calibration
[1.040s] Installing force_control_xz_node script to /home/qcy/ros2_project_ws/install/rm_75_calibration/lib/rm_75_calibration
[1.040s] Installing force_control_z_node script to /home/qcy/ros2_project_ws/install/rm_75_calibration/lib/rm_75_calibration
[1.041s] Installing force_sensor_node script to /home/qcy/ros2_project_ws/install/rm_75_calibration/lib/rm_75_calibration
[1.041s] Installing rm_cali_v1 script to /home/qcy/ros2_project_ws/install/rm_75_calibration/lib/rm_75_calibration
[1.041s] 
[1.041s] Installed /home/qcy/ros2_project_ws/build/rm_75_calibration
[1.042s] running symlink_data
[1.059s] Invoked command in '/home/qcy/ros2_project_ws/build/rm_75_calibration' returned '0': CONDA_PROMPT_MODIFIER=(base) PYTHONPATH=/home/qcy/ros2_project_ws/build/rm_75_calibration/prefix_override:/usr/lib/python3/dist-packages/colcon_core/task/python/colcon_distutils_commands:/home/qcy/ros2_project_ws/install/rm_75_calibration/lib/python3.12/site-packages:${PYTHONPATH} /usr/bin/python3 -W ignore:setup.py install is deprecated -W ignore:easy_install command is deprecated setup.py develop --editable --build-directory /home/qcy/ros2_project_ws/build/rm_75_calibration/build --no-deps symlink_data
