/home/qcy/ros2_project_ws/install/rm_75_calibration/lib/python3.12/site-packages/rm_75_calibration_original/data.py
/home/qcy/ros2_project_ws/install/rm_75_calibration/lib/python3.12/site-packages/rm_75_calibration_original/force_sensor_node.py
/home/qcy/ros2_project_ws/install/rm_75_calibration/lib/python3.12/site-packages/rm_75_calibration_original/kunwei.py
/home/qcy/ros2_project_ws/install/rm_75_calibration/lib/python3.12/site-packages/rm_75_calibration_original/__init__.py
/home/qcy/ros2_project_ws/install/rm_75_calibration/lib/python3.12/site-packages/rm_75_calibration_original/rm_cali_v1.py
/home/qcy/ros2_project_ws/install/rm_75_calibration/lib/python3.12/site-packages/rm_75_calibration_original/force_control_z_node.py
/home/qcy/ros2_project_ws/install/rm_75_calibration/lib/python3.12/site-packages/rm_75_calibration_original/force_control_xz_node.py
/home/qcy/ros2_project_ws/install/rm_75_calibration/lib/python3.12/site-packages/rm_75_calibration/data.py
/home/qcy/ros2_project_ws/install/rm_75_calibration/lib/python3.12/site-packages/rm_75_calibration/force_control_node.py
/home/qcy/ros2_project_ws/install/rm_75_calibration/lib/python3.12/site-packages/rm_75_calibration/force_sensor_node.py
/home/qcy/ros2_project_ws/install/rm_75_calibration/lib/python3.12/site-packages/rm_75_calibration/__init__.py
/home/qcy/ros2_project_ws/install/rm_75_calibration/lib/python3.12/site-packages/rm_75_calibration/rm_cali_v1.py
/home/qcy/ros2_project_ws/install/rm_75_calibration/lib/python3.12/site-packages/rm_75_calibration/force_control_z_node.py
/home/qcy/ros2_project_ws/install/rm_75_calibration/lib/python3.12/site-packages/rm_75_calibration/force_control_xz_node.py
/home/qcy/ros2_project_ws/install/rm_75_calibration/lib/python3.12/site-packages/rm_75_calibration_original/__pycache__/data.cpython-312.pyc
/home/qcy/ros2_project_ws/install/rm_75_calibration/lib/python3.12/site-packages/rm_75_calibration_original/__pycache__/force_sensor_node.cpython-312.pyc
/home/qcy/ros2_project_ws/install/rm_75_calibration/lib/python3.12/site-packages/rm_75_calibration_original/__pycache__/kunwei.cpython-312.pyc
/home/qcy/ros2_project_ws/install/rm_75_calibration/lib/python3.12/site-packages/rm_75_calibration_original/__pycache__/__init__.cpython-312.pyc
/home/qcy/ros2_project_ws/install/rm_75_calibration/lib/python3.12/site-packages/rm_75_calibration_original/__pycache__/rm_cali_v1.cpython-312.pyc
/home/qcy/ros2_project_ws/install/rm_75_calibration/lib/python3.12/site-packages/rm_75_calibration_original/__pycache__/force_control_z_node.cpython-312.pyc
/home/qcy/ros2_project_ws/install/rm_75_calibration/lib/python3.12/site-packages/rm_75_calibration_original/__pycache__/force_control_xz_node.cpython-312.pyc
/home/qcy/ros2_project_ws/install/rm_75_calibration/lib/python3.12/site-packages/rm_75_calibration/__pycache__/data.cpython-312.pyc
/home/qcy/ros2_project_ws/install/rm_75_calibration/lib/python3.12/site-packages/rm_75_calibration/__pycache__/force_control_node.cpython-312.pyc
/home/qcy/ros2_project_ws/install/rm_75_calibration/lib/python3.12/site-packages/rm_75_calibration/__pycache__/force_sensor_node.cpython-312.pyc
/home/qcy/ros2_project_ws/install/rm_75_calibration/lib/python3.12/site-packages/rm_75_calibration/__pycache__/__init__.cpython-312.pyc
/home/qcy/ros2_project_ws/install/rm_75_calibration/lib/python3.12/site-packages/rm_75_calibration/__pycache__/rm_cali_v1.cpython-312.pyc
/home/qcy/ros2_project_ws/install/rm_75_calibration/lib/python3.12/site-packages/rm_75_calibration/__pycache__/force_control_z_node.cpython-312.pyc
/home/qcy/ros2_project_ws/install/rm_75_calibration/lib/python3.12/site-packages/rm_75_calibration/__pycache__/force_control_xz_node.cpython-312.pyc
/home/qcy/ros2_project_ws/install/rm_75_calibration/share/ament_index/resource_index/packages/rm_75_calibration
/home/qcy/ros2_project_ws/install/rm_75_calibration/share/rm_75_calibration/package.xml
/home/qcy/ros2_project_ws/install/rm_75_calibration/share/rm_75_calibration/launch/calibration.launch.py
/home/qcy/ros2_project_ws/install/rm_75_calibration/lib/python3.12/site-packages/rm_75_calibration-0.0.0-py3.12.egg-info/entry_points.txt
/home/qcy/ros2_project_ws/install/rm_75_calibration/lib/python3.12/site-packages/rm_75_calibration-0.0.0-py3.12.egg-info/SOURCES.txt
/home/qcy/ros2_project_ws/install/rm_75_calibration/lib/python3.12/site-packages/rm_75_calibration-0.0.0-py3.12.egg-info/PKG-INFO
/home/qcy/ros2_project_ws/install/rm_75_calibration/lib/python3.12/site-packages/rm_75_calibration-0.0.0-py3.12.egg-info/top_level.txt
/home/qcy/ros2_project_ws/install/rm_75_calibration/lib/python3.12/site-packages/rm_75_calibration-0.0.0-py3.12.egg-info/requires.txt
/home/qcy/ros2_project_ws/install/rm_75_calibration/lib/python3.12/site-packages/rm_75_calibration-0.0.0-py3.12.egg-info/dependency_links.txt
/home/qcy/ros2_project_ws/install/rm_75_calibration/lib/python3.12/site-packages/rm_75_calibration-0.0.0-py3.12.egg-info/zip-safe
/home/qcy/ros2_project_ws/install/rm_75_calibration/lib/rm_75_calibration/force_control_node
/home/qcy/ros2_project_ws/install/rm_75_calibration/lib/rm_75_calibration/force_control_xz_node
/home/qcy/ros2_project_ws/install/rm_75_calibration/lib/rm_75_calibration/force_control_z_node
/home/qcy/ros2_project_ws/install/rm_75_calibration/lib/rm_75_calibration/force_sensor_node
/home/qcy/ros2_project_ws/install/rm_75_calibration/lib/rm_75_calibration/rm_cali_v1
